python : c:\Users\galav\Documents\Gi
thub-Projects\GENESIS-AI-Hub\agents\
oregon-state-scraper\agent\agent.py:
101: UserWarning: [EXPERIMENTAL] 
to_a2a: ADK Implementation for A2A 
support (A2aAgentExecutor, 
RemoteA2aAgent and corresponding 
supporting components etc.) is in 
experimental mode and is subjected 
to breaking changes. A2A protocol 
and SDK arethemselves not 
experimental. Once it's stable 
enough the experimental mode will 
be removed. Your feedback is 
welcome.
At line:1 char:1
+ python c:\Users\galav\Documents\Gi
thub-Projects\GENESIS-AI-Hub\agents 
...
+ ~~~~~~~~~~~~~~~~~~~~~~~~~~~~~~~~~~
~~~~~~~~~~~~~~~~~~~~~~~~~~~~~~~~~~~
    + CategoryInfo          : NotSp 
   ecified: (c:\Users\galav\...ack  
   is welcome.:String) [], Remote   
 Exception
    + FullyQualifiedErrorId : Nativ 
   eCommandError
 
  a2a_app = to_a2a(root_agent, 
port=8080)
C:\Users\galav\miniforge3\Lib\site-p
ackages\google\adk\a2a\utils\agent_t
o_a2a.py:137: UserWarning: 
[EXPERIMENTAL] A2aAgentExecutor: 
ADK Implementation for A2A support 
(A2aAgentExecutor, RemoteA2aAgent 
and corresponding supporting 
components etc.) is in experimental 
mode and is subjected to breaking 
changes. A2A protocol and SDK 
arethemselves not experimental. 
Once it's stable enough the 
experimental mode will be removed. 
Your feedback is welcome.
  agent_executor = A2aAgentExecutor(
C:\Users\galav\miniforge3\Lib\site-p
ackages\google\adk\a2a\executor\a2a_
agent_executor.py:101: UserWarning: 
[EXPERIMENTAL] 
A2aAgentExecutorConfig: ADK 
Implementation for A2A support 
(A2aAgentExecutor, RemoteA2aAgent 
and corresponding supporting 
components etc.) is in experimental 
mode and is subjected to breaking 
changes. A2A protocol and SDK 
arethemselves not experimental. 
Once it's stable enough the 
experimental mode will be removed. 
Your feedback is welcome.
  self._config = config or 
A2aAgentExecutorConfig()
C:\Users\galav\miniforge3\Lib\site-p
ackages\google\adk\a2a\utils\agent_t
o_a2a.py:149: UserWarning: 
[EXPERIMENTAL] AgentCardBuilder: 
ADK Implementation for A2A support 
(A2aAgentExecutor, RemoteA2aAgent 
and corresponding supporting 
components etc.) is in experimental 
mode and is subjected to breaking 
changes. A2A protocol and SDK 
arethemselves not experimental. 
Once it's stable enough the 
experimental mode will be removed. 
Your feedback is welcome.
  card_builder = AgentCardBuilder(
Testing scraper with URL: https://oregonstate.edu
FAILED: <!DOCTYPE html>
<html lang="en" dir="ltr" prefix="og: https://ogp.me/ns#">
<head>
  <meta charset="utf-8" />
<script async src="https://www.googletagmanager.com/gtag/js?id=G-QC3MB7K855"></script>
<script>window.dataLayer = window.dataLayer || [];function gtag(){dataLayer.push(arguments)};gtag("js", new Date());gtag("set", "developer_id.dMDhkMT", true);gtag("config", "G-QC3MB7K855", {"groups":"default","page_placeholder":"PLACEHOLDER_page_location"});</script>
<meta name="description" content="Oregon State University delivers exceptional, accessible education and problem-solving innovation as Oregon&#039;s largest and statewide public research university." />
<meta name="robots" content="index, follow" />
<link rel="shortlink" href="https://oregonstate.edu/" />
<link rel="canonical" href="https://oregonstate.edu/" />
<link rel="image_src" href="https://oregonstate.edu/sites/default/files/paragraphs/linc-quad_0.jpg" />
<meta property="og:site_name" content="Oregon State University" />
<meta property="og:type" content="website" />
<meta property="og:url" content="https://oregonstate.edu/" />
<meta property="og:title" content="Oregon State University" />
<meta property="og:description" content="Oregon State University delivers exceptional, accessible education and problem-solving innovation as Oregon&#039;s largest and statewide public research university." />
<meta property="og:image" content="https://oregonstate.edu/sites/default/files/styles/facebook_preview/public/2024-04/blossoms-2200w-compressed.jpg?itok=RnhNXMp2" />
<meta property="og:image:width" content="1200" />
<meta property="og:image:height" content="630" />
<meta name="twitter:card" content="summary_large_image" />
<meta name="twitter:site" content="@oregonstate" />
<meta name="twitter:description" content="Oregon State University delivers exceptional, accessible education and problem-solving innovation as Oregon&#039;s largest and statewide public research university." />
<meta name="twitter:title" content="Oregon State University" />
<meta name="twitter:image" content="https://oregonstate.edu/sites/default/files/styles/twitter_preview_image/public/2024-04/blossoms-2200w-compressed.jpg?itok=zI09oR_P" />
<meta name="google-site-verification" content="EzfIeVj5D_Jkpdgh4JjLnaS6DFi762P2ijQnLgcU6t4" />
<meta name="Generator" content="Drupal 10 (https://www.drupal.org)" />
<meta name="MobileOptimized" content="width" />
<meta name="HandheldFriendly" content="true" />
<meta name="viewport" content="width=device-width, initial-scale=1.0" />
<meta name="theme-color" media="(prefers-color-scheme: light)" content="#fff" />
<meta name="theme-color" media="(prefers-color-scheme: dark)" content="#000" />
<link rel="icon" href="/themes/custom/madrone_homepage/favicon.ico" type="image/vnd.microsoft.icon" />

    <title>Oregon State University</title>
    <link rel="stylesheet" media="all" href="/sites/default/files/css/css_zBZXXLN4awkKRqxEMR81HCk_u-rjM_iUzSqX44DmrUg.css?delta=0&amp;language=en&amp;theme=madrone_homepage&amp;include=eJyFkmGSgzAIhS9kzZEYTFDZJsEJ2Nbbb7R1x5m26x8nyPdeCICqZMD5h7xJcV619ZSNCucBbhxItMEPjFQmG9gyEUwkUyTAHEArsHwS9KUqYMKBmk7E1ApOEHGR2aCbOQYqborzwLllo6SAkYec6h3tlj6o1JZI6lC0LZTE6D33curQX4cicy3MS5TyzWrHpdQyTqEH6IhB7idgwrLx_0IThlA7fUIZPey8IUf4-Ny-dh7vpJLIHc7tnbo11OY1hsDq5UZlcZKpGjQJQ53aU6R_0RClw3hZL62V779hrJbreN_yFBhdz7HuVOtxMpbciM5wtgaJM4zEw7g_eBX5a7WrOwVPSN3mNJtJ1u8A-z29nqBnimFNXNaw0UXrxrkOlZob013d9m2ThDnSLzUDP7Q" />
<link rel="stylesheet" media="all" href="https://unpkg.com/aos@2.3.1/dist/aos.css" />
<link rel="stylesheet" media="all" href="/sites/default/files/css/css_KnW69vM6-F4PEyBmRsq7_aK10DzrUIOjTK7TLxxiICA.css?delta=2&amp;language=en&amp;theme=madrone_homepage&amp;include=eJyFkmGSgzAIhS9kzZEYTFDZJsEJ2Nbbb7R1x5m26x8nyPdeCICqZMD5h7xJcV619ZSNCucBbhxItMEPjFQmG9gyEUwkUyTAHEArsHwS9KUqYMKBmk7E1ApOEHGR2aCbOQYqborzwLllo6SAkYec6h3tlj6o1JZI6lC0LZTE6D33curQX4cicy3MS5TyzWrHpdQyTqEH6IhB7idgwrLx_0IThlA7fUIZPey8IUf4-Ny-dh7vpJLIHc7tnbo11OY1hsDq5UZlcZKpGjQJQ53aU6R_0RClw3hZL62V779hrJbreN_yFBhdz7HuVOtxMpbciM5wtgaJM4zEw7g_eBX5a7WrOwVPSN3mNJtJ1u8A-z29nqBnimFNXNaw0UXrxrkOlZob013d9m2ThDnSLzUDP7Q" />
<link rel="stylesheet" media="all" href="https://cdnjs.cloudflare.com/ajax/libs/font-awesome/6.5.1/css/all.min.css" />
<link rel="stylesheet" media="all" href="/sites/default/files/css/css_jBjr-9TKDdoIqMOGTHxdC9uhOaCRytOdtEyPMMV3QiQ.css?delta=4&amp;language=en&amp;theme=madrone_homepage&amp;include=eJyFkmGSgzAIhS9kzZEYTFDZJsEJ2Nbbb7R1x5m26x8nyPdeCICqZMD5h7xJcV619ZSNCucBbhxItMEPjFQmG9gyEUwkUyTAHEArsHwS9KUqYMKBmk7E1ApOEHGR2aCbOQYqborzwLllo6SAkYec6h3tlj6o1JZI6lC0LZTE6D33curQX4cicy3MS5TyzWrHpdQyTqEH6IhB7idgwrLx_0IThlA7fUIZPey8IUf4-Ny-dh7vpJLIHc7tnbo11OY1hsDq5UZlcZKpGjQJQ53aU6R_0RClw3hZL62V779hrJbreN_yFBhdz7HuVOtxMpbciM5wtgaJM4zEw7g_eBX5a7WrOwVPSN3mNJtJ1u8A-z29nqBnimFNXNaw0UXrxrkOlZob013d9m2ThDnSLzUDP7Q" />
<link rel="stylesheet" media="all" href="/sites/default/files/css/css_08xpkv7A5VM6sEl9MevylGPRwNk_LSHgLn9TAuHD9eA.css?delta=5&amp;language=en&amp;theme=madrone_homepage&amp;include=eJyFkmGSgzAIhS9kzZEYTFDZJsEJ2Nbbb7R1x5m26x8nyPdeCICqZMD5h7xJcV619ZSNCucBbhxItMEPjFQmG9gyEUwkUyTAHEArsHwS9KUqYMKBmk7E1ApOEHGR2aCbOQYqborzwLllo6SAkYec6h3tlj6o1JZI6lC0LZTE6D33curQX4cicy3MS5TyzWrHpdQyTqEH6IhB7idgwrLx_0IThlA7fUIZPey8IUf4-Ny-dh7vpJLIHc7tnbo11OY1hsDq5UZlcZKpGjQJQ53aU6R_0RClw3hZL62V779hrJbreN_yFBhdz7HuVOtxMpbciM5wtgaJM4zEw7g_eBX5a7WrOwVPSN3mNJtJ1u8A-z29nqBnimFNXNaw0UXrxrkOlZob013d9m2ThDnSLzUDP7Q" />
<link rel="stylesheet" media="all" href="//fonts.googleapis.com/css?family=Open Sans:300,400,500,600,700" />
<link rel="stylesheet" media="all" href="//cdn.icomoon.io/155267/OregonStateBrandIcons/style-cf.css?6642o2" />
<link rel="stylesheet" media="all" href="/sites/default/files/css/css_dzK215qIt6PfWuwtpBlcEN7kkzulkK9s4WOOOsXqt-Q.css?delta=8&amp;language=en&amp;theme=madrone_homepage&amp;include=eJyFkmGSgzAIhS9kzZEYTFDZJsEJ2Nbbb7R1x5m26x8nyPdeCICqZMD5h7xJcV619ZSNCucBbhxItMEPjFQmG9gyEUwkUyTAHEArsHwS9KUqYMKBmk7E1ApOEHGR2aCbOQYqborzwLllo6SAkYec6h3tlj6o1JZI6lC0LZTE6D33curQX4cicy3MS5TyzWrHpdQyTqEH6IhB7idgwrLx_0IThlA7fUIZPey8IUf4-Ny-dh7vpJLIHc7tnbo11OY1hsDq5UZlcZKpGjQJQ53aU6R_0RClw3hZL62V779hrJbreN_yFBhdz7HuVOtxMpbciM5wtgaJM4zEw7g_eBX5a7WrOwVPSN3mNJtJ1u8A-z29nqBnimFNXNaw0UXrxrkOlZob013d9m2ThDnSLzUDP7Q" />

      
        <!-- Google Tag Manager -->
        <script>(function(w,d,s,l,i){w[l]=w[l]||[];w[l].push({'gtm.start':
            new Date().getTime(),event:'gtm.js'});var f=d.getElementsByTagName(s)[0],
            j=d.createElement(s),dl=l!='dataLayer'?'&l='+l:'';j.async=true;j.src=
            'https://www.googletagmanager.com/gtm.js?id='+i+dl;f.parentNode.insertBefore(j,f);
        })(window,document,'script','dataLayer','GTM-54WQT99');</script>
        <!-- End Google Tag Manager -->
                  <!-- Monsido -->
          <script type="text/javascript">window._monsido = window._monsido || {token: "7BqhRyYP9fteuxY3jfLurQ",
              statistics: {enabled: true, documentTracking: {enabled: false, documentCls: "monsido_download",
              documentIgnoreCls: "monsido_ignore_download", documentExt: ["pdf", "doc", "ppt", "docx", "pptx"],},},};</script>
          <script type="text/javascript" async src="https://app-script.monsido.com/v2/monsido-script.js"></script>
          <!-- End Monsido -->
                </head>
<body class="exclude-node-title bg-neutral-100">
<!-- Google Tag Manager (noscript) -->
<noscript><iframe src="https://www.googletagmanager.com/ns.html?id=GTM-54WQT99"
                  height="0" width="0" style="display:none;visibility:hidden"></iframe></noscript>
<!-- End Google Tag Manager (noscript) -->
<a href="#main-content" class="visually-hidden focusable">
  Skip to main content
</a>

  <div class="dialog-off-canvas-main-canvas" data-off-canvas-main-canvas>
    <div class="layout-container min-vh-100 d-flex flex-column">

  <header class="container-fluid osu-bg-page-alt-1 g-0" role="banner">
      <div id="madrone-header-container" class="madrone-header row g-0 border-bottom border-neutral-200">
    <div id="block-madrone-homepage-branding" class="block block-system block-system-branding-block">
  
    
      <div class="block__content d-flex align-items-center">
              <div class="d-flex pe-2">
          <div class="ms-2 py-2">
            <a id="osu-logo-wide" class="text-decoration-none d-inline-block"
               href="/">
              <img class="" src="/themes/custom/madrone_homepage/logo.svg"
                   alt="Oregon State University Logo"/>
            </a>
          </div>
        </div>
                              <a id="search" class="text-decoration-none ms-auto"
         href="https://search.oregonstate.edu">
        <span class="fas fa-search" aria-hidden="true"></span>
        <span class="d-none d-lg-inline">Search</span>
      </a>
      <button aria-expanded="false" class="text-decoration-none"
              id="megamenu-button">
        <span class="fa-bars fas" aria-hidden="true"></span>
        <span class="d-none d-lg-inline">Menu</span>
      </button>
    </div>
  </div>

  </div>

  </header>

    <div class="container-fluid bg-neutral-200 g-0">
    <div id="madrone-primary-menu-container" class="madrone-primary-menu">
          <div id="megamenu-contents-no-announcements" class="block block-block-content block-block-contentff95c064-d392-4a49-ab0b-b24cac07caf3 block--type-mega-menu block--view-mode-full">
    
        
          <div class="block__content">
        <div  class="position-relative osu-bg-page-alt-2 bg-color osu-text-bucktoothwhite _none"><div  class="w-100">  
  <div  class="layout row no-gutters layout-builder__layout">
    
                        <div  class="col-xxl-8 col-xl-7 col-lg-7 col-md-12 col-12 megamenu-menus p-xxl-5 p-3 align-items-start">
          <nav role="navigation"
     aria-labelledby="-menu" class="_none block block-menu navigation menu--main navbar navbar-expand-lg">
            
  <h2 class="visually-hidden" id="-menu">In-line Block</h2>
  

                  <ul class="menu menu--main nav">
                      <li class="nav-item">
                                        <a href="/about" class="nav-link" data-drupal-link-system-path="node/46">About</a>
                  </li>
                      <li class="nav-item">
                                        <a href="/academics" class="nav-link" data-drupal-link-system-path="node/5256">Academics</a>
                  </li>
                      <li class="nav-item">
                                        <a href="https://prax.oregonstate.edu/" class="nav-link">Arts</a>
                  </li>
                      <li class="nav-item">
                                        <a href="/osuresearch" class="nav-link" data-drupal-link-system-path="node/61">Research</a>
                  </li>
                      <li class="nav-item">
                                        <a href="https://engagement.oregonstate.edu/" class="nav-link">Extension and Engagement</a>
                  </li>
          </ul>

  


  </nav>
    <div class="_none d-md-none py-3 block block-layout-builder block-inline-blockbasic block--type-basic block--view-mode-full">
    
        
          <div class="block__content">
          <div class="layout layout--onecol">
    <div  class="layout__region layout__region--content">
          <div class="block block-layout-builder block-field-blockblock-contentbasicbody">
    
        
          <div class="block__content">
        
            <div class="field field--name-body field--type-text-with-summary field--label-hidden text-break field__item"><hr></div>
      
      </div>
      </div>

    </div>
  </div>

      </div>
      </div>
<nav role="navigation"
     aria-labelledby="-menu" class="_none block block-menu navigation menu--audience-">
            
  <h2 class="visually-hidden" id="-menu">In-line Block</h2>
  

                            <ul class="menu menu--audience- nav nav-pills osu-nav-link-hover--dark menu--level-1">
                              <li class="nav-item">
        <a href="/future" class="nav-link" data-drupal-link-system-path="node/26">Future Students</a>
              </li>
                      <li class="nav-item">
        <a href="/current" class="nav-link" data-drupal-link-system-path="node/11">Current Students</a>
              </li>
                      <li class="nav-item">
        <a href="http://ecampus.oregonstate.edu/" class="nav-link">Online Students</a>
              </li>
                      <li class="nav-item">
        <a href="https://www.fororegonstate.org/" class="nav-link">Alumni and Donors</a>
              </li>
                      <li class="nav-item">
        <a href="https://osubeavers.com/" class="nav-link">Athletics</a>
              </li>
              </ul>
      


  </nav>
    <div class="_none d-md-none py-3 block block-layout-builder block-inline-blockbasic block--type-basic block--view-mode-full">
    
        
          <div class="block__content">
          <div class="layout layout--onecol">
    <div  class="layout__region layout__region--content">
          <div class="block block-layout-builder block-field-blockblock-contentbasicbody">
    
        
          <div class="block__content">
        
            <div class="field field--name-body field--type-text-with-summary field--label-hidden text-break field__item"><hr></div>
      
      </div>
      </div>

    </div>
  </div>

      </div>
      </div>

        </div>
                              <div  class="col-xxl-4 col-xl-5 col-lg-5 col-md-12 col-12 megamenu-links p-xxl-5 px-3 pb-4 p-md-4 d-lg-flex flex-wrap gap-md-4">
              <div class="_none pt-md-2 w-100 mb-4 mb-lg-0 block block-layout-builder block-inline-blockbasic block--type-basic block--view-mode-full">
    
        
          <div class="block__content">
          <div class="layout layout--onecol">
    <div  class="layout__region layout__region--content">
          <div class="block block-layout-builder block-field-blockblock-contentbasicbody">
    
        
          <div class="block__content">
        
            <div class="field field--name-body field--type-text-with-summary field--label-hidden text-break field__item"><ul class="list-unstyled d-flex justify-content-between justify-content-md-start gap-md-4 gap-xl-5 text-align-center">
	<li><a href="https://technology.oregonstate.edu/services/beaver-hub"><img alt src="/sites/default/files/2023-08/beaverhub.svg"><br>
	Beaver Hub</a></li>
	<li><a href="https://canvas.oregonstate.edu/"><img alt src="/sites/default/files/2023-08/canvas.svg"><br>
	Canvas</a></li>
	<li><a href="https://login.microsoftonline.com/login.srf?wa=wsignin1.0&amp;whr=oregonstate.edu&amp;wreply=https://portal.office.com"><img alt src="/sites/default/files/2023-08/office365.svg"><br>
	Office 365</a></li>
</ul>
</div>
      
      </div>
      </div>

    </div>
  </div>

      </div>
      </div>
    <div class="_none block block-layout-builder block-inline-blockbasic block--type-basic block--view-mode-full">
    
        
          <div class="block__content">
          <div class="layout layout--onecol">
    <div  class="layout__region layout__region--content">
          <div class="block block-layout-builder block-field-blockblock-contentbasicbody">
    
        
          <div class="block__content">
        
            <div class="field field--name-body field--type-text-with-summary field--label-hidden text-break field__item"><div class="d-flex flex-wrap justify-content-between justify-content-md-start gap-md-5 gap-lg-4 gap-xxl-5">
<ul class="list-unstyled">
	<li><a href="https://registrar.oregonstate.edu/osu-academic-calendar">Academic Calendar</a></li>
	<li><a href="https://catalog.oregonstate.edu/ ">Catalog</a></li>
	<li><a href="https://library.oregonstate.edu ">OSU Libraries</a></li>
	<li><a href="https://give.fororegonstate.org/PL1Uv3Fkug">Make a Gift</a></li>
</ul>

<ul class="list-unstyled">
	<li><a href="https://outlook.com/oregonstate.edu">Outlook</a></li>
	<li><a href="https://my.oregonstate.edu/">MyOregonState</a></li>
	<li><a href="https://technology.oregonstate.edu/services/box">Box</a></li>
	<li><a href="https://technology.oregonstate.edu/services/zoom">Zoom</a></li>
</ul>
</div>
</div>
      
      </div>
      </div>

    </div>
  </div>

      </div>
      </div>
    <div class="_none d-none d-lg-block position-absolute top-0 end-0 pe-2 pt-2 block block-layout-builder block-inline-blockbasic block--type-basic block--view-mode-full">
    
        
          <div class="block__content">
          <div class="layout layout--onecol">
    <div  class="layout__region layout__region--content">
          <div class="block block-layout-builder block-field-blockblock-contentbasicbody">
    
        
          <div class="block__content">
        
            <div class="field field--name-body field--type-text-with-summary field--label-hidden text-break field__item"><p><button aria-label="Close" class="btn-close megamenu-close btn-close-white" data-bs-theme="dark" type="button"></button></p>
</div>
      
      </div>
      </div>

    </div>
  </div>

      </div>
      </div>

        </div>
                                                                                                                                                                              
  </div>

</div></div>
      </div>
      </div>

    </div>
  </div>

  
  
  
  

  
    <div class="flex-fill position-relative">
    <main class="d-flex flex-wrap flex-fill gx-3 gx-lg-0" role="main">
      <a id="main-content" tabindex="-1"></a>      <div class="layout-content col-12">
          <div id="madrone-content-container" class="madrone-content">
    <div data-drupal-messages-fallback class="hidden"></div>    <div id="block-madrone-homepage-h1forfrontpage" class="block block-block-content block-block-content2c853a3a-8641-4f4c-9a12-8eaa26bfa200 block--type-basic block--view-mode-full">
    
        
          <div class="block__content">
          <div class="layout layout--onecol">
    <div  class="layout__region layout__region--content">
          <div class="block block-layout-builder block-field-blockblock-contentbasicbody">
    
        
          <div class="block__content">
        
            <div class="field field--name-body field--type-text-with-summary field--label-hidden text-break field__item"><h1 class="visually-hidden">Oregon State University</h1>
</div>
      
      </div>
      </div>

    </div>
  </div>

      </div>
      </div>
    <div id="block-madrone-homepage-content" class="block block-system block-system-main-block">
    
        
          <div class="block__content">
        <article class="node node--type-page node--promoted node--view-mode-full">

  
    

  <div class="node__content">
    <div  class="_none"><div  class="w-100">  
  <div  class="layout row no-gutters layout-builder__layout">
    
                        <div  class="col-12">
              <div class="views-element-container _none block block-views block-views-blockhero-cover-block-1">
    
        
          <div class="block__content">
        <div><div class="hero-cover js-view-dom-id-b3c9087e4df97b4148edcaf2dce12becfbe276b68367b6e4b34a89d03bef8015">
  
  
  

  
  
  

      <div class="views-row views-row--1"><div class="views-field views-field-field-button-control"><div class="field-content"></div></div><div class="views-field views-field-field-background-video"><div class="field-content"></div></div><div class="views-field views-field-field-hero-image"><div class="field-content osu-bottom-center"><article class="media media--type-image media--view-mode-default">
  
      
            <div class="field field--name-image field--type-image field--label-hidden text-break field__item">  <img loading="lazy" src="/sites/default/files/2025-11/fall-stroll.jpg" width="1320" height="656" alt="A stroll through OSU&#039;s campus on a fall day." class="img-fluid" />

</div>
      
  </article>
</div></div><div class="views-field views-field-field-hero-caption"><div class="field-content"><div class="hero-headline-container ">
<div class="hero-headline"></div>
<div class="hero-subhead"></div>
</div></div></div></div>

    

  
  

  
  </div>
</div>

      </div>
      </div>

        </div>
                                                                                                                                                                                              
  </div>

</div></div><div  class="px-4 px-xxl-6 pt-5 pt-md-6 _none pb-6"><div  class="w-100">  
  <div  class="_none layout row no-gutters layout-builder__layout">
    
                        <div  class="col-xxl-5 col-xl-5 col-lg-5 col-md-12 col-12 pe-lg-4 pe-xl-5">
              <div class="_none pb-4 block block-layout-builder block-inline-blockbasic block--type-basic block--view-mode-full">
    
        
          <div class="block__content">
          <div class="layout layout--onecol">
    <div  class="layout__region layout__region--content">
          <div class="block block-layout-builder block-field-blockblock-contentbasicbody">
    
        
          <div class="block__content">
        
            <div class="field field--name-body field--type-text-with-summary field--label-hidden text-break field__item"><h2>Your path starts here</h2>

<p>Oregon State University was founded more than 150 years ago as a land grant institution, building on the idea that <strong>everybody deserves an extraordinary education thatÆs attainable and accessible</strong>. Here you can determine your purpose, shape your identity and values and become who you want to be.</p>
</div>
      
      </div>
      </div>

    </div>
  </div>

      </div>
      </div>
    <div class="_none pb-5 pb-lg-0 block block-layout-builder block-inline-blockbasic block--type-basic block--view-mode-full">
    
        
          <div class="block__content">
          <div class="layout layout--onecol">
    <div  class="layout__region layout__region--content">
          <div class="block block-layout-builder block-field-blockblock-contentbasicbody">
    
        
          <div class="block__content">
        
            <div class="field field--name-body field--type-text-with-summary field--label-hidden text-break field__item"><div class="btn-group flex-wrap">
<p><a class="btn osu-btn-primary me-3 " href="https://admissions.oregonstate.edu/apply-choose-application" target="_blank">Apply Now</a></p>

<p><a class="btn osu-btn-primary me-3 " href="https://admissions.oregonstate.edu/send-me-info">Request Info</a></p>

<p><a class="btn osu-btn-primary me-3 " href="https://visitosu.oregonstate.edu/">Visit</a></p>
</div>
</div>
      
      </div>
      </div>

    </div>
  </div>

      </div>
      </div>

        </div>
                              <div  class="col-xxl-7 col-xl-7 col-lg-7 col-md-12 col-12 d-grid three-fr-md gap-4">
              <div class="_none block block-layout-builder block-inline-blockstat-card block--type-stat-card block--view-mode-full">
    
        
          <div class="block__content">
        <div  class="osu-hover-scale h-100 _none ps-4-5 bs-border-style-left-solid osu-border-width-left-3 osu-border-osu-left"><div  class="w-100">  
  <div  class="layout row no-gutters layout-builder__layout">
    
                        <div  class="col-12">
              <div class="_none pb-3 block block-layout-builder block-field-blockblock-contentstat-cardfield-large-number-or-text">
    
        
          <div class="block__content">
        
            <div class="field field--name-field-large-number-or-text field--type-string field--label-hidden text-break field__item"><div class="display-4">#1</div>
</div>
      
      </div>
      </div>
    <div class="_none pb-3 clickable-block block block-layout-builder block-field-blockblock-contentstat-cardbody">
    
        
          <div class="block__content">
        
            <div class="field field--name-body field--type-text-with-summary field--label-hidden text-break field__item"><p>College town on the West Coast</p>
</div>
      
      </div>
      </div>
    <div class="_none block block-layout-builder block-field-blockblock-contentstat-cardfield-citation-link">
    
        
          <div class="fs-7 fst-italic block__content">
        
            <div class="field field--name-field-citation-link field--type-link field--label-hidden text-break field__item"><a href="https://www.bestcolleges.com/blog/best-college-towns/">Best Colleges</a></div>
      
      </div>
      </div>

        </div>
                                                                                                                                                                                              
  </div>

</div></div>
      </div>
      </div>
    <div class="_none block block-layout-builder block-inline-blockstat-card block--type-stat-card block--view-mode-full">
    
        
          <div class="block__content">
        <div  class="osu-hover-scale h-100 _none ps-4-5 bs-border-style-left-solid osu-border-width-left-3 osu-border-osu-left"><div  class="w-100">  
  <div  class="layout row no-gutters layout-builder__layout">
    
                        <div  class="col-12">
              <div class="_none pb-3 block block-layout-builder block-field-blockblock-contentstat-cardfield-large-number-or-text">
    
        
          <div class="block__content">
        
            <div class="field field--name-field-large-number-or-text field--type-string field--label-hidden text-break field__item"><div class="display-4">Top 10</div>
</div>
      
      </div>
      </div>
    <div class="_none pb-3 clickable-block block block-layout-builder block-field-blockblock-contentstat-cardbody">
    
        
          <div class="block__content">
        
            <div class="field field--name-body field--type-text-with-summary field--label-hidden text-break field__item"><p>for 11 years in a row in <a href="https://ecampus.oregonstate.edu/">online education</a></p>
</div>
      
      </div>
      </div>
    <div class="_none block block-layout-builder block-field-blockblock-contentstat-cardfield-citation-link">
    
        
          <div class="fs-7 fst-italic block__content">
        
            <div class="field field--name-field-citation-link field--type-link field--label-hidden text-break field__item"><a href="https://www.usnews.com/education/online-education/bachelors/rankings">U.S. News &amp; World Report</a></div>
      
      </div>
      </div>

        </div>
                                                                                                                                                                                              
  </div>

</div></div>
      </div>
      </div>
    <div class="_none block block-layout-builder block-inline-blockstat-card block--type-stat-card block--view-mode-full">
    
        
          <div class="block__content">
        <div  class="osu-hover-scale h-100 _none ps-4-5 bs-border-style-left-solid osu-border-width-left-3 osu-border-osu-left"><div  class="w-100">  
  <div  class="layout row no-gutters layout-builder__layout">
    
                        <div  class="col-12">
              <div class="_none pb-3 block block-layout-builder block-field-blockblock-contentstat-cardfield-large-number-or-text">
    
        
          <div class="block__content">
        
            <div class="field field--name-field-large-number-or-text field--type-string field--label-hidden text-break field__item"><div class="display-4">38,460 </div>
</div>
      
      </div>
      </div>
    <div class="_none pb-3 clickable-block block block-layout-builder block-field-blockblock-contentstat-cardbody">
    
        
          <div class="block__content">
        
            <div class="field field--name-body field--type-text-with-summary field--label-hidden text-break field__item"><p>total students, making OSU&nbsp;the state's&nbsp;<a href="https://news.oregonstate.edu/news/oregon-state-university-enrollment-largest-oregon-continues-grow-7" title="Oregon State University enrollment largest in Oregon.">largest university</a> for 12 straight years</p>
</div>
      
      </div>
      </div>

        </div>
                                                                                                                                                                                              
  </div>

</div></div>
      </div>
      </div>

        </div>
                                                                                                                                                                              
  </div>

</div></div><div  class="mx-xxl-6 osu-bg-page-alt-1 bg-color _none pt-5 pb-3"><div  class="container-fluid">  
  <div  class="layout row layout-builder__layout">
    
                        <div  class="col-12">
              <div class="_none block block-layout-builder block-inline-blockbasic block--type-basic block--view-mode-full">
    
        
          <div class="block__content">
          <div class="layout layout--onecol">
    <div  class="layout__region layout__region--content">
          <div class="block block-layout-builder block-field-blockblock-contentbasicbody">
    
        
          <div class="block__content">
        
            <div class="field field--name-body field--type-text-with-summary field--label-hidden text-break field__item"><h2 class="text-align-center">Our Locations</h2>
</div>
      
      </div>
      </div>

    </div>
  </div>

      </div>
      </div>

        </div>
                                                                                                                                                                                              
  </div>

</div></div><div  class="mx-xxl-6 osu-bg-page-alt-1 bg-color _none pt-4 pb-5"><div  class="w-100">  
  <div  class="layout row no-gutters layout-builder__layout">
    
                        <div  class="col-12">
              <div class="views-element-container _none block block-views block-views-blocklocations-tabs-block-1">
    
        
          <div class="block__content">
        <div><div class="locations-tabs js-view-dom-id-da59f5dbf58ea0c51cc1f9ccb610b29afbcfd7dd4838278079ea508834d567ee">
  
  
  

  
  
  

  <div class="views-bootstrap-tabs views-view-bootstrap-tab">
        <div class="nav nav-tabs" role="tablist">
                                                <button  class="nav-link active" id="tab-views-bootstrap-tab-views-bootstrap-locations-tabs-block-1-0-tab" data-bs-toggle="tab" data-bs-target="#tab-views-bootstrap-tab-views-bootstrap-locations-tabs-block-1-0" type="button"
                               role="tab" aria-controls="tab-views-bootstrap-tab-views-bootstrap-locations-tabs-block-1-0" aria-selected="true">Corvallis</button>
                                            <button  class="nav-link" id="tab-views-bootstrap-tab-views-bootstrap-locations-tabs-block-1-1-tab" data-bs-toggle="tab" data-bs-target="#tab-views-bootstrap-tab-views-bootstrap-locations-tabs-block-1-1" type="button"
                               role="tab" aria-controls="tab-views-bootstrap-tab-views-bootstrap-locations-tabs-block-1-1" aria-selected="false">OSU-Cascades</button>
                                            <button  class="nav-link" id="tab-views-bootstrap-tab-views-bootstrap-locations-tabs-block-1-2-tab" data-bs-toggle="tab" data-bs-target="#tab-views-bootstrap-tab-views-bootstrap-locations-tabs-block-1-2" type="button"
                               role="tab" aria-controls="tab-views-bootstrap-tab-views-bootstrap-locations-tabs-block-1-2" aria-selected="false">Online</button>
                                            <button  class="nav-link" id="tab-views-bootstrap-tab-views-bootstrap-locations-tabs-block-1-3-tab" data-bs-toggle="tab" data-bs-target="#tab-views-bootstrap-tab-views-bootstrap-locations-tabs-block-1-3" type="button"
                               role="tab" aria-controls="tab-views-bootstrap-tab-views-bootstrap-locations-tabs-block-1-3" aria-selected="false">Statewide</button>
                                            <button  class="nav-link" id="tab-views-bootstrap-tab-views-bootstrap-locations-tabs-block-1-4-tab" data-bs-toggle="tab" data-bs-target="#tab-views-bootstrap-tab-views-bootstrap-locations-tabs-block-1-4" type="button"
                               role="tab" aria-controls="tab-views-bootstrap-tab-views-bootstrap-locations-tabs-block-1-4" aria-selected="false">Hatfield Marine Science Center</button>
                                            <button  class="nav-link" id="tab-views-bootstrap-tab-views-bootstrap-locations-tabs-block-1-5-tab" data-bs-toggle="tab" data-bs-target="#tab-views-bootstrap-tab-views-bootstrap-locations-tabs-block-1-5" type="button"
                               role="tab" aria-controls="tab-views-bootstrap-tab-views-bootstrap-locations-tabs-block-1-5" aria-selected="false">OSU Portland Center</button>
      </div>

      
  <div class="tab-content mb-2 mt-2">
                                      <div class="tab-pane active" id="tab-views-bootstrap-tab-views-bootstrap-locations-tabs-block-1-0" role="tabpanel">
                  <div class="views-field views-field-nothing"><span class="field-content"><div class="view-locations-tab-content-wrapper">
<article class="media media--type-image media--view-mode-default">
  
      
            <div class="field field--name-image field--type-image field--label-hidden text-break field__item">  <img loading="lazy" src="/sites/default/files/2023-09/corvallis-aerial-900x600.jpg" width="900" height="600" alt="aerial of Corvallis campus that features brick buildings and a central lawn quad" class="img-fluid" />

</div>
      
  </article>

<div class="views-field-body"><p>Oregon StateÆs beautiful, historic and state-of-the-art campus is located in one of AmericaÆs best college towns. Nestled in the heart of the Willamette Valley, <a href="https://admissions.oregonstate.edu/corvallis">Corvallis</a> offers miles of mountain biking and hiking trails, a river perfect for boating or kayaking and an eclectic downtown featuring local cuisine, popular events and performances.</p>

<p><a class="btn osu-btn-primary color-active" href="https://youvis.it/6Mhtlz">Corvallis Virtual Tour</a></p>
</div>
</div></span></div>
                      </div>
                              <div class="tab-pane" id="tab-views-bootstrap-tab-views-bootstrap-locations-tabs-block-1-1" role="tabpanel">
                  <div class="views-field views-field-nothing"><span class="field-content"><div class="view-locations-tab-content-wrapper">
<article class="media media--type-image media--view-mode-default">
  
      
            <div class="field field--name-image field--type-image field--label-hidden text-break field__item">  <img loading="lazy" src="/sites/default/files/2023-09/cascades-mist-900x600.jpg" width="900" height="600" alt="exterior of building with floor to ceiling windows banked by trees and mist" class="img-fluid" />

</div>
      
  </article>

<div class="views-field-body"><p><a href="https://osucascades.edu/">Oregon StateÆs Bend campus</a>, located in the stunning high desert of Central Oregon, offers more than 20 majors, small classes and a vast natural laboratory. Nearby, endless outdoor recreation options await ù including skiing, snowshoeing, rock climbing, paddle boarding and more.</p>

<p><a class="btn osu-btn-primary color-active" href="https://www.youvisit.com/tour/oregonstate/144033?tourid=20220928_Tour1">OSU-Cascades Virtual Tour</a></p>
</div>
</div></span></div>
                      </div>
                              <div class="tab-pane" id="tab-views-bootstrap-tab-views-bootstrap-locations-tabs-block-1-2" role="tabpanel">
                  <div class="views-field views-field-nothing"><span class="field-content"><div class="view-locations-tab-content-wrapper">
<article class="media media--type-image media--view-mode-default">
  
      
            <div class="field field--name-image field--type-image field--label-hidden text-break field__item">  <img loading="lazy" src="/sites/default/files/2023-08/ecampus-900x600.jpg" width="900" height="600" alt="person holding a laptop wearing a blue vest and shirt standing in front of fir trees" class="img-fluid" />

</div>
      
  </article>

<div class="views-field-body"><p><a href="https://ecampus.oregonstate.edu/">Oregon State Ecampus</a> blends 21st century innovation with 150+ years of institutional excellence to give people everywhere access to a life-changing education online. Everything we do is designed to help Oregon State students:</p>

<ul>
	<li>Make an impact in their communities and beyond</li>
	<li>Feel supported from start to finish in&nbsp;their journey</li>
	<li>Build connections with OSUÆs world-class faculty</li>
	<li>Enter the workforce with the skills they need to succeed</li>
</ul>
</div>
</div></span></div>
                      </div>
                              <div class="tab-pane" id="tab-views-bootstrap-tab-views-bootstrap-locations-tabs-block-1-3" role="tabpanel">
                  <div class="views-field views-field-nothing"><span class="field-content"><div class="view-locations-tab-content-wrapper">
<article class="media media--type-image media--view-mode-default">
  
      
            <div class="field field--name-image field--type-image field--label-hidden text-break field__item">  <img loading="lazy" src="/sites/default/files/2024-01/statewide-900x600.jpg" width="900" height="600" alt="stretch of green pine trees in with a snowy mountain " class="img-fluid" />

</div>
      
  </article>

<div class="views-field-body"><p>With operations in all 36 counties and the Confederated Tribes of Warm Springs, Oregon State University is a trusted partner serving Oregonians statewide. The&nbsp;<a href="https://extension.oregonstate.edu/">OSU Extension Service</a>&nbsp;delivers research-based knowledge and education that strengthen communities and economies, sustain natural resources and promote healthy people and families. The 11&nbsp;<a href="https://ourimpact.oregonstate.edu/statewide/agricultural-experiment-station">Agricultural Experiment Stations</a>&nbsp;at 14 locations address critical issues across landscapes, oceans and food systems. The&nbsp;<a href="https://ourimpact.oregonstate.edu/statewide/forest-research-laboratory">Forest Research Laboratory</a>&nbsp;manages 10 research forests and develops innovative approaches for managing forest resources and ecosystems.</p>
</div>
</div></span></div>
                      </div>
                              <div class="tab-pane" id="tab-views-bootstrap-tab-views-bootstrap-locations-tabs-block-1-4" role="tabpanel">
                  <div class="views-field views-field-nothing"><span class="field-content"><div class="view-locations-tab-content-wrapper">
<article class="media media--type-image media--view-mode-default">
  
      
            <div class="field field--name-image field--type-image field--label-hidden text-break field__item">  <img loading="lazy" src="/sites/default/files/2023-08/hmsc-900x600.jpg" width="900" height="600" alt="people walking with buckets near sandy stretch of beach" class="img-fluid" />

</div>
      
  </article>

<div class="views-field-body"><p>At Oregon StateÆs <a href="https://hmsc.oregonstate.edu/">coastal research center in Newport</a>, you can dip your toes in the Pacific Ocean ù and pursue hands-on, experiential learning through classes, research and internships aimed at developing solutions to pressing environmental issues.</p>
</div>
</div></span></div>
                      </div>
                              <div class="tab-pane" id="tab-views-bootstrap-tab-views-bootstrap-locations-tabs-block-1-5" role="tabpanel">
                  <div class="views-field views-field-nothing"><span class="field-content"><div class="view-locations-tab-content-wrapper">
<article class="media media--type-image media--view-mode-default">
  
      
            <div class="field field--name-image field--type-image field--label-hidden text-break field__item">  <img loading="lazy" src="/sites/default/files/2023-08/portland-900x600.jpg" width="900" height="600" alt="people sitting in a lobby with a large screen with the Oregon State University logo" class="img-fluid" />

</div>
      
  </article>

<div class="views-field-body"><p>The <a href="https://portland.oregonstate.edu/">OSU Portland Center</a> is a premier event, meeting and conference venue for showcasing Oregon State programs, initiatives, research and exhibitions. OSU also offers a <a href="https://business.oregonstate.edu/programs/graduate/start/flexible-learning/hybrid-portland">hybrid MBA</a> and pharmacy programs, <a href="https://workspace.oregonstate.edu/">professional development courses</a> and a variety of <a href="https://extension.oregonstate.edu/portland">Extension</a> programs in Portland.</p>
</div>
</div></span></div>
                      </div>
      </div>
  </div>

    

  
  

  
  </div>
</div>

      </div>
      </div>

        </div>
                                                                                                                                                                                              
  </div>

</div></div><div  class="px-4 px-xxl-6 osu-bg-page-default bg-color osu-text-body _none pt-5 pb-5"><div  class="w-100">  
  <div  class="osu-align-items-center layout row no-gutters layout-builder__layout">
    
                        <div  class="col-xxl-6 col-xl-6 col-lg-6 col-md-12 col-12 pe-xl-5">
              <div class="_none pb-5 pe-lg-5 pe-xl-0 block block-layout-builder block-inline-blockbasic block--type-basic block--view-mode-full">
    
        
          <div class="block__content">
          <div class="layout layout--onecol">
    <div  class="layout__region layout__region--content">
          <div class="block block-layout-builder block-field-blockblock-contentbasicbody">
    
        
          <div class="block__content">
        
            <div class="field field--name-body field--type-text-with-summary field--label-hidden text-break field__item"><h2>Oregon's best public research university</h2>

<p>Oregon State is the most innovative university in the state of Oregon, advancing research in critical areas like climate science, robotics, clean energy, and biotechnology. Join us in making big discoveries that drive big solutions.</p>
</div>
      
      </div>
      </div>

    </div>
  </div>

      </div>
      </div>
    <div class="_none mb-5 block block-layout-builder block-inline-blockbasic block--type-basic block--view-mode-full">
    
        
          <div class="block__content">
          <div class="layout layout--onecol">
    <div  class="layout__region layout__region--content">
          <div class="block block-layout-builder block-field-blockblock-contentbasicbody">
    
        
          <div class="block__content">
        
            <div class="field field--name-body field--type-text-with-summary field--label-hidden text-break field__item"><p><a class="btn osu-btn-primary color-active" href="https://oregonstate.edu/osuresearch">Our research</a><br>
&nbsp;</p>
</div>
      
      </div>
      </div>

    </div>
  </div>

      </div>
      </div>

        </div>
                              <div  class="col-xxl-6 col-xl-6 col-lg-6 col-md-12 col-12 osu-img-full">
              <div class="_none block block-layout-builder block-inline-blockbasic block--type-basic block--view-mode-full">
    
        
          <div class="block__content">
          <div class="layout layout--onecol">
    <div  class="layout__region layout__region--content">
          <div class="block block-layout-builder block-field-blockblock-contentbasicbody">
    
        
          <div class="block__content">
        
            <div class="field field--name-body field--type-text-with-summary field--label-hidden text-break field__item"><article class="align-center media media--type-image media--view-mode-default">
  
      
            <div class="field field--name-image field--type-image field--label-hidden text-break field__item">  <img loading="lazy" src="/sites/default/files/2024-07/research%20anthem%2060.00_00_34_04.still010%20edited.jpg" width="3840" height="2160" alt="Two OSU researchers in the forest." class="img-fluid">

</div>
      
  </article>

</div>
      
      </div>
      </div>

    </div>
  </div>

      </div>
      </div>

        </div>
                                                                                                                                                                              
  </div>

</div></div><div  class="_none pt-5 pb-3"><div  class="w-100">  
  <div  class="layout row no-gutters layout-builder__layout">
    
                        <div  class="col-12 px-4 px-xxl-6">
              <div class="_none block block-layout-builder block-inline-blockbasic block--type-basic block--view-mode-full">
    
        
          <div class="block__content">
          <div class="layout layout--onecol">
    <div  class="layout__region layout__region--content">
          <div class="block block-layout-builder block-field-blockblock-contentbasicbody">
    
        
          <div class="block__content">
        
            <div class="field field--name-body field--type-text-with-summary field--label-hidden text-break field__item"><h2>Discover the people and stories of Oregon State</h2>

<p style="font-family: 'Stratum2Web', serif; margin-top:-15px; font-size:23px;">Research and innovation</p>
</div>
      
      </div>
      </div>

    </div>
  </div>

      </div>
      </div>

        </div>
                                                                                                                                                                                              
  </div>

</div></div><div  class="_none pb-5"><div  class="w-100">  
  <div  class="osu-align-items-stretch layout row no-gutters layout-builder__layout">
    
                        <div  class="col-12 px-4 px-xxl-6">
              <div class="views-element-container _none block block-views block-views-blockpeople-and-story-block-1">
    
        
          <div class="block__content">
        <div><div class="js-view-dom-id-fb69ba3070ebbe008c2d913aecda21516398172aec767b460a1b047a7af0d7ab">
  
  
  

  
  
  

  <div id="views-bootstrap-people-and-story-block-1"  class="grid views-view-grid views-views-bootstrap-grid row">
      <div class="gx-4 col-12 col-sm-6 col-lg-3"><div class="views-field views-field-nothing"><span class="field-content"><a class="text-decoration-none" href="https://pharmacy.oregonstate.edu/news/constellations-cancer-research-how-phd-candidate-found-success-osu-college-pharmacy">
<div class="shadow rounded-bottom story-section-min-height profile-box">
<div class="oosu-img-full photo-border img">
    <img loading="lazy" src="/sites/default/files/2025-11/sophia-bonar-1.jpg" width="600" height="493" alt="Sophia Bonar" class="img-fluid" />


  <div class="p-3">
    <h2 class="fw-bolder text-break fs-5 osu-text-osuorange profile-link">
Sophia Bonar
    </h2>
<div class="lh-1 mb-3 fst-italic">Creating pathways for cancer research</div>
    <span><p>Bonar is studying how natural product compounds in the&nbsp;Ophiocordyceps&nbsp;fungus&nbsp;can be used to fight cancer.</p>
</span>
  </div>
</div>
</div>
á </a>
</span></div></div>
      <div class="gx-4 col-12 col-sm-6 col-lg-3"><div class="views-field views-field-nothing"><span class="field-content"><a class="text-decoration-none" href="https://engineering.oregonstate.edu/all-stories/goldwater-scholar-closes-loop-plastic-waste">
<div class="shadow rounded-bottom story-section-min-height profile-box">
<div class="oosu-img-full photo-border img">
    <img loading="lazy" src="/sites/default/files/2025-11/andrew-tran.jpg" width="600" height="493" alt="Andrew Tran" class="img-fluid" />


  <div class="p-3">
    <h2 class="fw-bolder text-break fs-5 osu-text-osuorange profile-link">
Andrew Tran
    </h2>
<div class="lh-1 mb-3 fst-italic">Building a sustainable future</div>
    <span><p>Tran is developing innovative solutions to reduce plastic waste in the environment.</p>
</span>
  </div>
</div>
</div>
á </a>
</span></div></div>
      <div class="gx-4 col-12 col-sm-6 col-lg-3"><div class="views-field views-field-nothing"><span class="field-content"><a class="text-decoration-none" href="https://liberalarts.oregonstate.edu/slcs/understanding-cultural-ecology-klamath-river-basin">
<div class="shadow rounded-bottom story-section-min-height profile-box">
<div class="oosu-img-full photo-border img">
    <img loading="lazy" src="/sites/default/files/2025-11/rebecca-wheaton.jpg" width="600" height="493" alt="Rebecca Wheaton" class="img-fluid" />


  <div class="p-3">
    <h2 class="fw-bolder text-break fs-5 osu-text-osuorange profile-link">
Rebecca Wheaton
    </h2>
<div class="lh-1 mb-3 fst-italic">Understanding cultural ecology</div>
    <span><p>Wheaton is researching the impact of the Klamath River Dam removal on local communities.</p>
</span>
  </div>
</div>
</div>
á </a>
</span></div></div>
      <div class="gx-4 col-12 col-sm-6 col-lg-3"><div class="views-field views-field-nothing"><span class="field-content"><a class="text-decoration-none" href="https://ecampus.oregonstate.edu/news/bridging-distance-with-research/">
<div class="shadow rounded-bottom story-section-min-height profile-box">
<div class="oosu-img-full photo-border img">
    <img loading="lazy" src="/sites/default/files/2025-11/kevin-jo.jpg" width="600" height="493" alt="Kevin Jo" class="img-fluid" />


  <div class="p-3">
    <h2 class="fw-bolder text-break fs-5 osu-text-osuorange profile-link">
Kevin Jo
    </h2>
<div class="lh-1 mb-3 fst-italic">Addressing environmental challenges</div>
    <span><p>Jo is investigating the impacts of climate change on snowpack and river streamflow.</p>
</span>
  </div>
</div>
</div>
á </a>
</span></div></div>
  </div>

    

  
  

  
  </div>
</div>

      </div>
      </div>

        </div>
                                                                                                                                                                                              
  </div>

</div></div>
  </div>
  </article>

      </div>
      </div>

  </div>

      </div>

          </main>
  </div>
  

  <footer class="container-fluid g-0 mt-auto" role="contentinfo">
    

<div class="region region-footer osu-bg-page-alt-2 osu-text-bucktoothwhite osu-min-h-300 px-xxl-6 px-4 pt-5 pb-4">
  <div class="madrone-footer mb-auto" id="madrone-footer-container">
        <div id="block-footer" class="block block-block-content block-block-content8e86dc9c-554f-408e-b6af-51141bda609e block--type-basic block--view-mode-full">
    
        
          <div class="block__content">
        <div  class="_none mb-3"><div  class="w-100">  
  <div  class="_none layout row no-gutters layout-builder__layout">
    
                        <div  class="col-lg-4 col-md-3 col-12 mb-5">
              <div class="_none block block-layout-builder block-inline-blockbasic block--type-basic block--view-mode-full">
    
        
          <div class="block__content">
          <div class="layout layout--onecol">
    <div  class="layout__region layout__region--content">
          <div class="block block-layout-builder block-field-blockblock-contentbasicbody">
    
        
          <div class="block__content">
        
            <div class="field field--name-body field--type-text-with-summary field--label-hidden text-break field__item"><article class="media media--type-image media--view-mode-_50w">
  
      
            <div class="field field--name-image field--type-image field--label-hidden text-break field__item">  <img loading="lazy" width="250" src="/sites/default/files/2023-07/osu_horizontal_2c_o_over_b.svg" alt="Oregon State University" class="img-fluid">

</div>
      
  </article>

</div>
      
      </div>
      </div>

    </div>
  </div>

      </div>
      </div>

        </div>
                              <div  class="col-lg-4 col-md-6 col-12">
          
        </div>
                              <div  class="col-lg-4 col-md-3 col-12 d-flex justify-content-lg-end">
              <div class="_none social-media-icons block block-layout-builder block-inline-blockbasic block--type-basic block--view-mode-full">
    
        
          <div class="block__content">
          <div class="layout layout--onecol">
    <div  class="layout__region layout__region--content">
          <div class="block block-layout-builder block-field-blockblock-contentbasicbody">
    
        
          <div class="block__content">
        
            <div class="field field--name-body field--type-text-with-summary field--label-hidden text-break field__item"><p><a href="https://instagram.com/oregonstate"><span class="visually-hidden">OSU's Instagram</span><span aria-hidden="true" class="fab fa-instagram"></span></a> <a href="https://www.tiktok.com/@oregonstate"><span class="visually-hidden">OSU's TikTok</span><span aria-hidden="true" class="fa-brands fa-tiktok"></span></a> <a href="https://twitter.com/oregonstate"><span class="visually-hidden">OSU's Twitter</span><span aria-hidden="true" class="fa-brands fa-x-twitter"></span></a> <a href="https://www.facebook.com/osubeavers"><span class="visually-hidden">OSU's Facebook</span><span aria-hidden="true" class="fab fa-facebook-f"></span></a> <a href="https://www.youtube.com/user/OregonStateUniv"><span class="visually-hidden">OSU's Youtube</span><span aria-hidden="true" class="fab fa-youtube"></span></a> <a href="https://open.spotify.com/user/clcmse6ojy8etzcatn9fvb5m0?si=ufW8IGPoQ3CgyhwQHmWhlQ"><span class="visually-hidden">Spotify</span><span aria-hidden="true" class="fab fa-spotify"></span></a></p>
</div>
      
      </div>
      </div>

    </div>
  </div>

      </div>
      </div>

        </div>
                                                                                                                                                              
  </div>

</div></div><div  class="footer-link-spacing _none"><div  class="w-100">  
  <div  class="layout row no-gutters layout-builder__layout">
    
                        <div  class="col-lg-4 col-md-12 col-12 mb-5">
              <div class="_none logo-alignment block block-layout-builder block-inline-blockbasic block--type-basic block--view-mode-full">
    
        
          <div class="block__content">
          <div class="layout layout--onecol">
    <div  class="layout__region layout__region--content">
          <div class="block block-layout-builder block-field-blockblock-contentbasicbody">
    
        
          <div class="block__content">
        
            <div class="field field--name-body field--type-text-with-summary field--label-hidden text-break field__item"><p><a href="https://map.oregonstate.edu/?building=KAd">1500 SW Jefferson Way<br>
Corvallis, OR 97331</a></p>

<p><a href="tel:5417371000">541-737-1000</a></p>
</div>
      
      </div>
      </div>

    </div>
  </div>

      </div>
      </div>

        </div>
                              <div  class="col-lg-4 col-md-12 col-12 d-flex gap-5 mb-5">
              <div class="_none block block-layout-builder block-inline-blockbasic block--type-basic block--view-mode-full">
    
        
          <div class="block__content">
          <div class="layout layout--onecol">
    <div  class="layout__region layout__region--content">
          <div class="block block-layout-builder block-field-blockblock-contentbasicbody">
    
        
          <div class="block__content">
        
            <div class="field field--name-body field--type-text-with-summary field--label-hidden text-break field__item"><ul class="list-unstyled">
	<li><a href="https://accessibility.oregonstate.edu/">Accessibility Information</a></li>
	<li><a href="https://map.oregonstate.edu/">Campus Map</a></li>
	<li><a href="https://publicsafety.oregonstate.edu/">Campus Safety</a></li>
	<li><a data-entity-substitution="canonical" data-entity-type="node" data-entity-uuid="990870aa-3542-4719-943b-e6e7dbc27c66" href="/contact" title="Contact Oregon State University">Contact OSU</a></li>
	<li><a href="http://directory.oregonstate.edu/">Directory</a></li>
</ul>
</div>
      
      </div>
      </div>

    </div>
  </div>

      </div>
      </div>
    <div class="_none block block-layout-builder block-inline-blockbasic block--type-basic block--view-mode-full">
    
        
          <div class="block__content">
          <div class="layout layout--onecol">
    <div  class="layout__region layout__region--content">
          <div class="block block-layout-builder block-field-blockblock-contentbasicbody">
    
        
          <div class="block__content">
        
            <div class="field field--name-body field--type-text-with-summary field--label-hidden text-break field__item"><ul class="list-unstyled">
	<li><a data-entity-substitution="canonical" data-entity-type="node" data-entity-uuid="3dfb2bbb-e3f1-4322-adf1-77c41f8603d4" href="/faculty" title="Faculty and Staff">Faculty and Staff Resources</a></li>
	<li><a href="https://hr.oregonstate.edu/employment-opportunities-osu">Jobs</a></li>
	<li><a href="https://today.oregonstate.edu/news">News</a></li>
	<li><a href="http://osubeaverstore.com/">OSU Beaver Store</a></li>
	<li><a data-entity-substitution="canonical" data-entity-type="node" data-entity-uuid="dbf1dc9c-ece3-43ff-88e6-e642f3348408" href="/incident-reporting-safety-and-advocacy-resources" title="Incident reporting, safety and advocacy resources">Reporting and Advocacy Resources</a></li>
</ul>
</div>
      
      </div>
      </div>

    </div>
  </div>

      </div>
      </div>

        </div>
                              <div  class="col-lg-4 col-md-12 col-12 d-flex flex-column align-items-end justify-content-end">
          
        </div>
                                                                                                                                                              
  </div>

</div></div>
      </div>
      </div>

  </div>

	<div class="madrone-copyright logo-alignment">
		<p>
			<a class="osu-link-white" href="/copyright">Copyright</a>
			&#169;
			2025
			Oregon State University
			<br/>
			<a class="osu-link-white" href="/official-web-disclaimer">Privacy Information and Disclaimer</a>
			<br/>
			<a class="osu-link-white" href="https://eoa.oregonstate.edu/non-discrimination-statement" title="Notice of Non-Discrimination and Title IX Statement">Non-discrimination Statement</a>
		</p>
	</div>
</div>

<div class="admissions-ctas osu-bg-osuorange d-flex flex-wrap px-xxl-6 p-4">
  <a class="osu-link-white me-3 me-lg-5 logo-alignment"
     href="https://admissions.oregonstate.edu/apply-choose-application">Apply
    Now</a>
  <a class="osu-link-white me-3 me-lg-5"
     href="https://admissions.oregonstate.edu/send-me-info">Request Info</a>
  <a class="osu-link-white" href="https://visitosu.oregonstate.edu/">Visit</a>
</div>

  </footer>


</div>
  </div>


<script type="application/json" data-drupal-selector="drupal-settings-json">{"path":{"baseUrl":"\/","pathPrefix":"","currentPath":"node\/186","currentPathIsAdmin":false,"isFront":true,"currentLanguage":"en"},"pluralDelimiter":"\u0003","suppressDeprecationErrors":true,"google_analytics":{"account":"G-QC3MB7K855","trackOutbound":true,"trackMailto":true,"trackTel":true,"trackDownload":true,"trackDownloadExtensions":"7z|aac|arc|arj|asf|asx|avi|bin|csv|doc(x|m)?|dot(x|m)?|exe|flv|gif|gz|gzip|hqx|jar|jpe?g|js|mp(2|3|4|e?g)|mov(ie)?|msi|msp|pdf|phps|png|ppt(x|m)?|pot(x|m)?|pps(x|m)?|ppam|sld(x|m)?|thmx|qtm?|ra(m|r)?|sea|sit|tar|tgz|torrent|txt|wav|wma|wmv|wpd|xls(x|m|b)?|xlt(x|m)|xlam|xml|z|zip"},"user":{"uid":0,"permissionsHash":"8cf1ed6d1ae0ccf57e939192aeabe441085de42dacd5ffdb3ab3c754b87f421c"}}</script>
<script src="/sites/default/files/js/js_9yX55SfMhs02RgH60-IOzuzRJaRxI_PJl7lJg7kdOvw.js?scope=footer&amp;delta=0&amp;language=en&amp;theme=madrone_homepage&amp;include=eJxdjTEOxCAMBD9EwpOQAZ8PybDIJkV-f0mRK1LOrDSbgeXLaCZfp7JHgu_GHYtDgXGsdkzSvbM7CQcBRDnRID1XKx7fInSqhsExP-W_EUUm3e6jNuTR6YvO82q_d_iRWsFIn8Za44XbjT-n7kYw"></script>
<script src="https://unpkg.com/aos@2.3.1/dist/aos.js"></script>
<script src="/sites/default/files/js/js_oMBQvRon8hiLm5lhby5pK7yHpSWL67IaJSbRB3Qxhtc.js?scope=footer&amp;delta=2&amp;language=en&amp;theme=madrone_homepage&amp;include=eJxdjTEOxCAMBD9EwpOQAZ8PybDIJkV-f0mRK1LOrDSbgeXLaCZfp7JHgu_GHYtDgXGsdkzSvbM7CQcBRDnRID1XKx7fInSqhsExP-W_EUUm3e6jNuTR6YvO82q_d_iRWsFIn8Za44XbjT-n7kYw"></script>

</body>
</html>

